// Jest Snapshot v1, https://goo.gl/fbAQLP

exports[`Arena renders correctly 1`] = `
ShallowWrapper {
  "length": 1,
  Symbol(enzyme.__root__): [Circular],
  Symbol(enzyme.__unrendered__): <Arena
    boxes={
        Array [
            <box />,
            <box />,
          ]
    }
    handlePlayerMove={[Function]}
/>,
  Symbol(enzyme.__renderer__): Object {
    "batchedUpdates": [Function],
    "getNode": [Function],
    "render": [Function],
    "simulateEvent": [Function],
    "unmount": [Function],
  },
  Symbol(enzyme.__node__): Object {
    "instance": null,
    "key": undefined,
    "nodeType": "host",
    "props": Object {
      "children": Array [
        <box />,
        <box />,
      ],
    },
    "ref": null,
    "rendered": Array [
      Object {
        "instance": null,
        "key": "1",
        "nodeType": "host",
        "props": Object {},
        "ref": null,
        "rendered": null,
        "type": "box",
      },
      Object {
        "instance": null,
        "key": "2",
        "nodeType": "host",
        "props": Object {},
        "ref": null,
        "rendered": null,
        "type": "box",
      },
    ],
    "type": "div",
  },
  Symbol(enzyme.__nodes__): Array [
    Object {
      "instance": null,
      "key": undefined,
      "nodeType": "host",
      "props": Object {
        "children": Array [
          <box />,
          <box />,
        ],
      },
      "ref": null,
      "rendered": Array [
        Object {
          "instance": null,
          "key": "1",
          "nodeType": "host",
          "props": Object {},
          "ref": null,
          "rendered": null,
          "type": "box",
        },
        Object {
          "instance": null,
          "key": "2",
          "nodeType": "host",
          "props": Object {},
          "ref": null,
          "rendered": null,
          "type": "box",
        },
      ],
      "type": "div",
    },
  ],
  Symbol(enzyme.__options__): Object {
    "adapter": ReactSixteenAdapter {
      "options": Object {
        "enableComponentDidUpdateOnSetState": true,
      },
    },
    "disableLifecycleMethods": true,
  },
}
`;
